<area shape="rect" href="$cdebug_8h.html" title="dfsch/lib/cdebug.h" alt="" coords="235,239,371,265">
<area shape="rect" href="$dfsch_8h.html" title="dfsch/dfsch.h" alt="" coords="377,316,481,343">
<area shape="rect" href="$conditions_8h.html" title="dfsch/conditions.h" alt="" coords="360,84,496,111">
<area shape="rect" href="$introspect_8h.html" title="dfsch/introspect.h" alt="" coords="489,161,625,188">
<area shape="rect" href="$console_8h.html" title="dfsch/lib/console.h" alt="" coords="593,84,732,111">
<area shape="rect" href="$defines_8h.html" title="dfsch/defines.h" alt="" coords="549,393,667,420">
<area shape="rect" href="$number_8h.html" title="dfsch/number.h" alt="" coords="96,393,216,420">
<area shape="rect" href="$dfsch_2types_8h.html" title="dfsch/types.h" alt="" coords="240,393,347,420">
<area shape="rect" href="$writer_8h.html" title="dfsch/writer.h" alt="" coords="371,393,475,420">
<area shape="rect" href="$strings_8h.html" title="dfsch/strings.h" alt="" coords="691,393,805,420">
<area shape="rect" href="$parse_8h.html" title="dfsch/parse.h" alt="" coords="700,161,807,188">
<area shape="rect" href="$ports_8h.html" title="dfsch/ports.h" alt="" coords="751,239,855,265">
