<area shape="rect" href="$console_8h.html" title="dfsch/lib/console.h" alt="" coords="359,84,497,111">
<area shape="rect" href="$parse_8h.html" title="dfsch/parse.h" alt="" coords="425,161,532,188">
<area shape="rect" href="$ports_8h.html" title="dfsch/ports.h" alt="" coords="523,239,627,265">
<area shape="rect" href="$dfsch_2util_8h.html" title="dfsch/util.h" alt="" coords="880,316,971,343">
<area shape="rect" href="$magic_8h.html" title="dfsch/magic.h" alt="" coords="631,161,740,188">
<area shape="rect" href="$dfsch_8h.html" title="dfsch/dfsch.h" alt="" coords="376,316,480,343">
<area shape="rect" href="$defines_8h.html" title="dfsch/defines.h" alt="" coords="688,393,805,420">
<area shape="rect" href="$number_8h.html" title="dfsch/number.h" alt="" coords="227,393,347,420">
<area shape="rect" href="$dfsch_2types_8h.html" title="dfsch/types.h" alt="" coords="5,393,112,420">
<area shape="rect" href="$writer_8h.html" title="dfsch/writer.h" alt="" coords="371,393,475,420">
<area shape="rect" href="$strings_8h.html" title="dfsch/strings.h" alt="" coords="549,393,664,420">
<area shape="rect" href="$conditions_8h.html" title="dfsch/conditions.h" alt="" coords="752,239,888,265">
