<area shape="rect" href="$dfsch_8h.html" title="dfsch/dfsch.h" alt="" coords="2092,84,2196,111">
<area shape="rect" href="$dfsch_2util_8h.html" title="dfsch/util.h" alt="" coords="1232,239,1323,265">
<area shape="rect" href="$bignum_8h.html" title="dfsch/bignum.h" alt="" coords="757,239,877,265">
<area shape="rect" href="$bignum_8c.html" title="src/bignum.c" alt="" coords="280,316,384,343">
<area shape="rect" href="$number_8h.html" title="dfsch/number.h" alt="" coords="452,161,572,188">
<area shape="rect" href="$dfsch_8c.html" title="src/dfsch.c" alt="" coords="896,393,984,420">
<area shape="rect" href="$repl_8c.html" title="src/repl.c" alt="" coords="2232,393,2312,420">
<area shape="rect" href="$system_8c.html" title="src/system.c" alt="" coords="301,239,403,265">
<area shape="rect" href="$writer_8h.html" title="dfsch/writer.h" alt="" coords="2509,161,2613,188">
<area shape="rect" href="$strings_8h.html" title="dfsch/strings.h" alt="" coords="959,161,1073,188">
<area shape="rect" href="$ports_8h.html" title="dfsch/ports.h" alt="" coords="1104,239,1208,265">
<area shape="rect" href="$parse_8h.html" title="dfsch/parse.h" alt="" coords="1053,316,1160,343">
<area shape="rect" href="$console_8h.html" title="dfsch/lib/console.h" alt="" coords="1651,393,1789,420">
<area shape="rect" href="$cdebug_8c.html" title="lib/cdebug.c" alt="" coords="2083,471,2179,497">
<area shape="rect" href="$console__mod_8c.html" title="lib/console_mod.c" alt="" coords="1652,471,1788,497">
<area shape="rect" href="$dfsch_2lib_2process_8h.html" title="dfsch/lib/process.h" alt="" coords="1336,316,1475,343">
<area shape="rect" href="$inet_8h.html" title="dfsch/lib/inet.h" alt="" coords="1347,239,1459,265">
<area shape="rect" href="$conditions_8h.html" title="dfsch/conditions.h" alt="" coords="2024,161,2160,188">
<area shape="rect" href="$magic_8h.html" title="dfsch/magic.h" alt="" coords="1779,239,1888,265">
<area shape="rect" href="$debug_8c.html" title="src/debug.c" alt="" coords="2165,239,2261,265">
<area shape="rect" href="$eqhash_8h.html" title="dfsch/eqhash.h" alt="" coords="2637,161,2755,188">
<area shape="rect" href="$format_8h.html" title="dfsch/format.h" alt="" coords="2779,161,2893,188">
<area shape="rect" href="$hash_8h.html" title="dfsch/hash.h" alt="" coords="669,161,771,188">
<area shape="rect" href="$weak_8h.html" title="dfsch/weak.h" alt="" coords="579,239,683,265">
<area shape="rect" href="$introspect_8h.html" title="dfsch/introspect.h" alt="" coords="1856,316,1992,343">
<area shape="rect" href="$cdebug_8h.html" title="dfsch/lib/cdebug.h" alt="" coords="4712,161,4848,188">
<area shape="rect" href="$cdebug__mod_8c.html" title="lib/cdebug_mod.c" alt="" coords="4740,239,4873,265">
<area shape="rect" href="$cmdopts_8h.html" title="dfsch/lib/cmdopts.h" alt="" coords="2285,239,2429,265">
<area shape="rect" href="$collections_8h.html" title="dfsch/lib/collections.h" alt="" coords="2917,161,3072,188">
<area shape="rect" href="$extref_8h.html" title="dfsch/lib/extref.h" alt="" coords="3096,161,3221,188">
<area shape="rect" href="$gcollect_8h.html" title="dfsch/lib/gcollect.h" alt="" coords="3245,161,3384,188">
<area shape="rect" href="$lib_2random_8h.html" title="dfsch/lib/random.h" alt="" coords="3408,161,3547,188">
<area shape="rect" href="$regex_8h.html" title="dfsch/lib/regex.h" alt="" coords="3571,161,3696,188">
<area shape="rect" href="$sxml_8h.html" title="dfsch/lib/sxml.h" alt="" coords="1533,239,1653,265">
<area shape="rect" href="$threads_8h.html" title="dfsch/lib/threads.h" alt="" coords="3744,161,3883,188">
<area shape="rect" href="$unix_8h.html" title="dfsch/lib/unix.h" alt="" coords="3907,161,4021,188">
<area shape="rect" href="$xml_8h.html" title="dfsch/lib/xml.h" alt="" coords="1888,161,2000,188">
<area shape="rect" href="$xml__mod_8c.html" title="lib/xml_mod.c" alt="" coords="2453,239,2563,265">
<area shape="rect" href="$load_8h.html" title="dfsch/load.h" alt="" coords="2336,161,2435,188">
<area shape="rect" href="$object_8h.html" title="dfsch/object.h" alt="" coords="4045,161,4155,188">
<area shape="rect" href="$promise_8h.html" title="dfsch/promise.h" alt="" coords="4179,161,4301,188">
<area shape="rect" href="$random_8h.html" title="dfsch/random.h" alt="" coords="4325,161,4445,188">
<area shape="rect" href="$wrapper_8h.html" title="dfsch/wrapper.h" alt="" coords="4469,161,4589,188">
<area shape="rect" href="$internal_8h.html" title="src/internal.h" alt="" coords="123,161,227,188">
<area shape="rect" href="$native__cxr_8c.html" title="src/native_cxr.c" alt="" coords="5,239,125,265">
<area shape="rect" href="$util_8c.html" title="src/util.c" alt="" coords="4613,161,4688,188">
<area shape="rect" href="$console_8c.html" title="lib/console.c" alt="" coords="1463,471,1561,497">
<area shape="rect" href="$sxml_8c.html" title="lib/sxml.c" alt="" coords="1549,316,1629,343">
<area shape="rect" href="$cmdopts_8c.html" title="lib/cmdopts.c" alt="" coords="2168,316,2275,343">
