<area shape="rect" href="$bignum_8h.html" title="dfsch/bignum.h" alt="" coords="611,161,731,188">
<area shape="rect" href="$bignum_8c.html" title="src/bignum.c" alt="" coords="600,239,704,265">
<area shape="rect" href="$number_8h.html" title="dfsch/number.h" alt="" coords="2132,84,2252,111">
<area shape="rect" href="$dfsch_8c.html" title="src/dfsch.c" alt="" coords="951,316,1039,343">
<area shape="rect" href="$repl_8c.html" title="src/repl.c" alt="" coords="2140,316,2220,343">
<area shape="rect" href="$system_8c.html" title="src/system.c" alt="" coords="1101,161,1203,188">
<area shape="rect" href="$writer_8h.html" title="dfsch/writer.h" alt="" coords="3161,84,3265,111">
<area shape="rect" href="$strings_8h.html" title="dfsch/strings.h" alt="" coords="565,84,680,111">
<area shape="rect" href="$ports_8h.html" title="dfsch/ports.h" alt="" coords="1379,161,1483,188">
<area shape="rect" href="$parse_8h.html" title="dfsch/parse.h" alt="" coords="1331,239,1437,265">
<area shape="rect" href="$console_8h.html" title="dfsch/lib/console.h" alt="" coords="1188,316,1327,343">
<area shape="rect" href="$cdebug_8c.html" title="lib/cdebug.c" alt="" coords="1739,393,1835,420">
<area shape="rect" href="$console__mod_8c.html" title="lib/console_mod.c" alt="" coords="353,393,489,420">
<area shape="rect" href="$dfsch_2lib_2process_8h.html" title="dfsch/lib/process.h" alt="" coords="1168,239,1307,265">
<area shape="rect" href="$inet_8h.html" title="dfsch/lib/inet.h" alt="" coords="323,161,435,188">
<area shape="rect" href="$conditions_8h.html" title="dfsch/conditions.h" alt="" coords="1816,161,1952,188">
<area shape="rect" href="$magic_8h.html" title="dfsch/magic.h" alt="" coords="1944,239,2053,265">
<area shape="rect" href="$debug_8c.html" title="src/debug.c" alt="" coords="1824,239,1920,265">
<area shape="rect" href="$eqhash_8h.html" title="dfsch/eqhash.h" alt="" coords="3289,84,3407,111">
<area shape="rect" href="$format_8h.html" title="dfsch/format.h" alt="" coords="3431,84,3545,111">
<area shape="rect" href="$hash_8h.html" title="dfsch/hash.h" alt="" coords="165,84,267,111">
<area shape="rect" href="$weak_8h.html" title="dfsch/weak.h" alt="" coords="93,161,197,188">
<area shape="rect" href="$introspect_8h.html" title="dfsch/introspect.h" alt="" coords="1461,239,1597,265">
<area shape="rect" href="$cdebug_8h.html" title="dfsch/lib/cdebug.h" alt="" coords="1921,84,2057,111">
<area shape="rect" href="$cdebug__mod_8c.html" title="lib/cdebug_mod.c" alt="" coords="1608,161,1741,188">
<area shape="rect" href="$cmdopts_8h.html" title="dfsch/lib/cmdopts.h" alt="" coords="2756,239,2900,265">
<area shape="rect" href="$collections_8h.html" title="dfsch/lib/collections.h" alt="" coords="3569,84,3724,111">
<area shape="rect" href="$extref_8h.html" title="dfsch/lib/extref.h" alt="" coords="2276,84,2401,111">
<area shape="rect" href="$gcollect_8h.html" title="dfsch/lib/gcollect.h" alt="" coords="2588,84,2727,111">
<area shape="rect" href="$lib_2random_8h.html" title="dfsch/lib/random.h" alt="" coords="3748,84,3887,111">
<area shape="rect" href="$regex_8h.html" title="dfsch/lib/regex.h" alt="" coords="3911,84,4036,111">
<area shape="rect" href="$sxml_8h.html" title="dfsch/lib/sxml.h" alt="" coords="4084,84,4204,111">
<area shape="rect" href="$threads_8h.html" title="dfsch/lib/threads.h" alt="" coords="2425,84,2564,111">
<area shape="rect" href="$unix_8h.html" title="dfsch/lib/unix.h" alt="" coords="4228,84,4343,111">
<area shape="rect" href="$xml_8h.html" title="dfsch/lib/xml.h" alt="" coords="3025,84,3137,111">
<area shape="rect" href="$xml__mod_8c.html" title="lib/xml_mod.c" alt="" coords="2975,161,3084,188">
<area shape="rect" href="$load_8h.html" title="dfsch/load.h" alt="" coords="2751,84,2849,111">
<area shape="rect" href="$object_8h.html" title="dfsch/object.h" alt="" coords="4367,84,4476,111">
<area shape="rect" href="$promise_8h.html" title="dfsch/promise.h" alt="" coords="4500,84,4623,111">
<area shape="rect" href="$random_8h.html" title="dfsch/random.h" alt="" coords="4647,84,4767,111">
<area shape="rect" href="$wrapper_8h.html" title="dfsch/wrapper.h" alt="" coords="4791,84,4911,111">
<area shape="rect" href="$internal_8h.html" title="src/internal.h" alt="" coords="832,84,936,111">
<area shape="rect" href="$native__cxr_8c.html" title="src/native_cxr.c" alt="" coords="907,161,1027,188">
<area shape="rect" href="$util_8c.html" title="src/util.c" alt="" coords="4935,84,5009,111">
<area shape="rect" href="$number_8c.html" title="src/number.c" alt="" coords="728,239,832,265">
<area shape="rect" href="$extref_8c.html" title="lib/extref.c" alt="" coords="2427,161,2515,188">
<area shape="rect" href="$extref__mod_8c.html" title="lib/extref_mod.c" alt="" coords="2280,161,2403,188">
<area shape="rect" href="$gcollect_8c.html" title="lib/gcollect.c" alt="" coords="2661,161,2760,188">
<area shape="rect" href="$threads_8c.html" title="lib/threads.c" alt="" coords="2539,161,2637,188">
