<area shape="rect" href="$dfsch_8h.html" title="dfsch/dfsch.h" alt="" coords="419,316,523,343">
<area shape="rect" href="$number_8h.html" title="dfsch/number.h" alt="" coords="44,393,164,420">
<area shape="rect" href="$strings_8h.html" title="dfsch/strings.h" alt="" coords="188,393,303,420">
<area shape="rect" href="$hash_8h.html" title="dfsch/hash.h" alt="" coords="536,161,637,188">
<area shape="rect" href="$parse_8h.html" title="dfsch/parse.h" alt="" coords="144,161,251,188">
<area shape="rect" href="$magic_8h.html" title="dfsch/magic.h" alt="" coords="712,161,821,188">
<area shape="rect" href="$conditions_8h.html" title="dfsch/conditions.h" alt="" coords="869,239,1005,265">
<area shape="rect" href="$introspect_8h.html" title="dfsch/introspect.h" alt="" coords="325,161,461,188">
<area shape="rect" href="$weak_8h.html" title="dfsch/weak.h" alt="" coords="484,84,588,111">
<area shape="rect" href="$src_2util_8h.html" title="util.h" alt="" coords="1069,161,1120,188">
<area shape="rect" href="$internal_8h.html" title="internal.h" alt="" coords="288,84,368,111">
<area shape="rect" href="$src_2types_8h.html" title="types.h" alt="" coords="663,84,729,111">
<area shape="rect" href="$defines_8h.html" title="dfsch/defines.h" alt="" coords="915,393,1032,420">
<area shape="rect" href="$dfsch_2types_8h.html" title="dfsch/types.h" alt="" coords="417,393,524,420">
<area shape="rect" href="$writer_8h.html" title="dfsch/writer.h" alt="" coords="692,393,796,420">
<area shape="rect" href="$ports_8h.html" title="dfsch/ports.h" alt="" coords="144,239,248,265">
<area shape="rect" href="$dfsch_2util_8h.html" title="dfsch/util.h" alt="" coords="1080,239,1171,265">
<area shape="rect" href="$eqhash_8h.html" title="dfsch/eqhash.h" alt="" coords="525,239,643,265">
