<area shape="rect" href="$cmdopts_8c.html" title="lib/cmdopts.c" alt="" coords="1028,84,1135,111">
<area shape="rect" href="$console_8c.html" title="lib/console.c" alt="" coords="1159,84,1257,111">
<area shape="rect" href="$sxml_8c.html" title="lib/sxml.c" alt="" coords="1281,84,1361,111">
<area shape="rect" href="$src_2util_8h.html" title="src/util.h" alt="" coords="1385,84,1460,111">
<area shape="rect" href="$eqhash_8c.html" title="src/eqhash.c" alt="" coords="1484,84,1585,111">
<area shape="rect" href="$threads_8c.html" title="lib/threads.c" alt="" coords="5,161,104,188">
<area shape="rect" href="$threads__mod_8c.html" title="lib/threads_mod.c" alt="" coords="128,161,264,188">
<area shape="rect" href="$unix_8c.html" title="lib/unix.c" alt="" coords="288,161,363,188">
<area shape="rect" href="$bignum_8c.html" title="src/bignum.c" alt="" coords="387,161,491,188">
<area shape="rect" href="$conditions_8c.html" title="src/conditions.c" alt="" coords="515,161,635,188">
<area shape="rect" href="$control_8c.html" title="src/control.c" alt="" coords="659,161,757,188">
<area shape="rect" href="$dfsch_8c.html" title="src/dfsch.c" alt="" coords="781,161,869,188">
<area shape="rect" href="$format_8c.html" title="src/format.c" alt="" coords="893,161,992,188">
<area shape="rect" href="$hash_8c.html" title="src/hash.c" alt="" coords="1016,161,1101,188">
<area shape="rect" href="$introspect_8c.html" title="src/introspect.c" alt="" coords="1125,161,1245,188">
<area shape="rect" href="$load_8c.html" title="src/load.c" alt="" coords="1269,161,1352,188">
<area shape="rect" href="$native_8c.html" title="src/native.c" alt="" coords="1376,161,1469,188">
<area shape="rect" href="$number_8c.html" title="src/number.c" alt="" coords="1493,161,1597,188">
<area shape="rect" href="$object_8c.html" title="src/object.c" alt="" coords="1621,161,1715,188">
<area shape="rect" href="$parse_8c.html" title="src/parse.c" alt="" coords="1739,161,1829,188">
<area shape="rect" href="$ports_8c.html" title="src/ports.c" alt="" coords="1853,161,1941,188">
<area shape="rect" href="$promise_8c.html" title="src/promise.c" alt="" coords="1965,161,2072,188">
<area shape="rect" href="$strings_8c.html" title="src/strings.c" alt="" coords="2096,161,2195,188">
<area shape="rect" href="$system_8c.html" title="src/system.c" alt="" coords="2219,161,2320,188">
<area shape="rect" href="$util_8c.html" title="src/util.c" alt="" coords="2344,161,2419,188">
<area shape="rect" href="$weak_8c.html" title="src/weak.c" alt="" coords="2443,161,2531,188">
<area shape="rect" href="$wrapper_8c.html" title="src/wrapper.c" alt="" coords="2555,161,2659,188">
<area shape="rect" href="$writer_8c.html" title="src/writer.c" alt="" coords="2683,161,2771,188">
