<area shape="rect" href="$dfsch_8h.html" title="dfsch/dfsch.h" alt="" coords="1568,84,1672,111">
<area shape="rect" href="$xml_8c.html" title="lib/xml.c" alt="" coords="1861,316,1933,343">
<area shape="rect" href="$bignum_8h.html" title="dfsch/bignum.h" alt="" coords="1051,239,1171,265">
<area shape="rect" href="$bignum_8c.html" title="src/bignum.c" alt="" coords="1320,316,1424,343">
<area shape="rect" href="$number_8h.html" title="dfsch/number.h" alt="" coords="907,239,1027,265">
<area shape="rect" href="$dfsch_8c.html" title="src/dfsch.c" alt="" coords="1853,393,1941,420">
<area shape="rect" href="$repl_8c.html" title="src/repl.c" alt="" coords="784,393,864,420">
<area shape="rect" href="$system_8c.html" title="src/system.c" alt="" coords="1195,316,1296,343">
<area shape="rect" href="$writer_8h.html" title="dfsch/writer.h" alt="" coords="427,161,531,188">
<area shape="rect" href="$strings_8h.html" title="dfsch/strings.h" alt="" coords="757,161,872,188">
<area shape="rect" href="$ports_8h.html" title="dfsch/ports.h" alt="" coords="528,239,632,265">
<area shape="rect" href="$parse_8h.html" title="dfsch/parse.h" alt="" coords="312,316,419,343">
<area shape="rect" href="$console_8h.html" title="dfsch/lib/console.h" alt="" coords="312,393,451,420">
<area shape="rect" href="$cdebug_8c.html" title="lib/cdebug.c" alt="" coords="2075,471,2171,497">
<area shape="rect" href="$console__mod_8c.html" title="lib/console_mod.c" alt="" coords="207,471,343,497">
<area shape="rect" href="$dfsch_2lib_2process_8h.html" title="dfsch/lib/process.h" alt="" coords="443,316,581,343">
<area shape="rect" href="$inet_8h.html" title="dfsch/lib/inet.h" alt="" coords="341,239,453,265">
<area shape="rect" href="$conditions_8h.html" title="dfsch/conditions.h" alt="" coords="1605,161,1741,188">
<area shape="rect" href="$magic_8h.html" title="dfsch/magic.h" alt="" coords="1725,239,1835,265">
<area shape="rect" href="$debug_8c.html" title="src/debug.c" alt="" coords="1555,239,1651,265">
<area shape="rect" href="$eqhash_8h.html" title="dfsch/eqhash.h" alt="" coords="1224,161,1341,188">
<area shape="rect" href="$format_8h.html" title="dfsch/format.h" alt="" coords="1365,161,1480,188">
<area shape="rect" href="$hash_8h.html" title="dfsch/hash.h" alt="" coords="4077,161,4179,188">
<area shape="rect" href="$weak_8h.html" title="dfsch/weak.h" alt="" coords="4076,239,4180,265">
<area shape="rect" href="$introspect_8h.html" title="dfsch/introspect.h" alt="" coords="1651,316,1787,343">
<area shape="rect" href="$cdebug_8h.html" title="dfsch/lib/cdebug.h" alt="" coords="3248,161,3384,188">
<area shape="rect" href="$cdebug__mod_8c.html" title="lib/cdebug_mod.c" alt="" coords="3196,239,3329,265">
<area shape="rect" href="$cmdopts_8h.html" title="dfsch/lib/cmdopts.h" alt="" coords="93,316,237,343">
<area shape="rect" href="$collections_8h.html" title="dfsch/lib/collections.h" alt="" coords="1939,161,2093,188">
<area shape="rect" href="$extref_8h.html" title="dfsch/lib/extref.h" alt="" coords="707,239,832,265">
<area shape="rect" href="$gcollect_8h.html" title="dfsch/lib/gcollect.h" alt="" coords="2253,161,2392,188">
<area shape="rect" href="$lib_2random_8h.html" title="dfsch/lib/random.h" alt="" coords="2416,161,2555,188">
<area shape="rect" href="$regex_8h.html" title="dfsch/lib/regex.h" alt="" coords="2579,161,2704,188">
<area shape="rect" href="$sxml_8h.html" title="dfsch/lib/sxml.h" alt="" coords="2752,161,2872,188">
<area shape="rect" href="$threads_8h.html" title="dfsch/lib/threads.h" alt="" coords="2896,161,3035,188">
<area shape="rect" href="$unix_8h.html" title="dfsch/lib/unix.h" alt="" coords="3059,161,3173,188">
<area shape="rect" href="$xml_8h.html" title="dfsch/lib/xml.h" alt="" coords="2117,161,2229,188">
<area shape="rect" href="$xml__mod_8c.html" title="lib/xml_mod.c" alt="" coords="2043,239,2152,265">
<area shape="rect" href="$load_8h.html" title="dfsch/load.h" alt="" coords="1765,161,1864,188">
<area shape="rect" href="$object_8h.html" title="dfsch/object.h" alt="" coords="3408,161,3517,188">
<area shape="rect" href="$promise_8h.html" title="dfsch/promise.h" alt="" coords="3541,161,3664,188">
<area shape="rect" href="$random_8h.html" title="dfsch/random.h" alt="" coords="3688,161,3808,188">
<area shape="rect" href="$wrapper_8h.html" title="dfsch/wrapper.h" alt="" coords="3832,161,3952,188">
<area shape="rect" href="$internal_8h.html" title="src/internal.h" alt="" coords="1245,239,1349,265">
<area shape="rect" href="$native__cxr_8c.html" title="src/native_cxr.c" alt="" coords="2996,316,3116,343">
<area shape="rect" href="$util_8c.html" title="src/util.c" alt="" coords="4203,161,4277,188">
<area shape="rect" href="$number_8c.html" title="src/number.c" alt="" coords="1067,316,1171,343">
<area shape="rect" href="$extref_8c.html" title="lib/extref.c" alt="" coords="707,316,795,343">
<area shape="rect" href="$extref__mod_8c.html" title="lib/extref_mod.c" alt="" coords="819,316,941,343">
