<area shape="rect" href="$bignum_8c.html" title="src/bignum.c" alt="" coords="5,84,109,111">
<area shape="rect" href="$control_8c.html" title="src/control.c" alt="" coords="133,84,232,111">
<area shape="rect" href="$dfsch_8c.html" title="src/dfsch.c" alt="" coords="256,84,344,111">
<area shape="rect" href="$format_8c.html" title="src/format.c" alt="" coords="368,84,467,111">
<area shape="rect" href="$hash_8c.html" title="src/hash.c" alt="" coords="491,84,576,111">
<area shape="rect" href="$native_8c.html" title="src/native.c" alt="" coords="600,84,693,111">
<area shape="rect" href="$native__cxr_8c.html" title="src/native_cxr.c" alt="" coords="717,84,837,111">
<area shape="rect" href="$number_8c.html" title="src/number.c" alt="" coords="861,84,965,111">
<area shape="rect" href="$ports_8c.html" title="src/ports.c" alt="" coords="989,84,1077,111">
<area shape="rect" href="$system_8c.html" title="src/system.c" alt="" coords="1101,84,1203,111">
<area shape="rect" href="$weak_8c.html" title="src/weak.c" alt="" coords="1227,84,1315,111">
