<area shape="rect" href="$introspect_8h.html" title="dfsch/introspect.h" alt="" coords="313,161,449,188">
<area shape="rect" href="$magic_8h.html" title="dfsch/magic.h" alt="" coords="615,161,724,188">
<area shape="rect" href="$src_2types_8h.html" title="types.h" alt="" coords="565,84,632,111">
<area shape="rect" href="$src_2util_8h.html" title="util.h" alt="" coords="707,84,757,111">
<area shape="rect" href="$dfsch_8h.html" title="dfsch/dfsch.h" alt="" coords="455,316,559,343">
<area shape="rect" href="$defines_8h.html" title="dfsch/defines.h" alt="" coords="688,393,805,420">
<area shape="rect" href="$number_8h.html" title="dfsch/number.h" alt="" coords="5,393,125,420">
<area shape="rect" href="$dfsch_2types_8h.html" title="dfsch/types.h" alt="" coords="277,393,384,420">
<area shape="rect" href="$writer_8h.html" title="dfsch/writer.h" alt="" coords="149,393,253,420">
<area shape="rect" href="$strings_8h.html" title="dfsch/strings.h" alt="" coords="549,393,664,420">
<area shape="rect" href="$conditions_8h.html" title="dfsch/conditions.h" alt="" coords="696,239,832,265">
<area shape="rect" href="$eqhash_8h.html" title="dfsch/eqhash.h" alt="" coords="473,161,591,188">
<area shape="rect" href="$dfsch_2util_8h.html" title="dfsch/util.h" alt="" coords="824,316,915,343">
