<area shape="rect" href="$load_8h.html" title="dfsch/load.h" alt="" coords="363,161,461,188">
<area shape="rect" href="$number_8h.html" title="dfsch/number.h" alt="" coords="1019,316,1139,343">
<area shape="rect" href="$strings_8h.html" title="dfsch/strings.h" alt="" coords="480,316,595,343">
<area shape="rect" href="$src_2util_8h.html" title="src/util.h" alt="" coords="209,161,284,188">
<area shape="rect" href="$parse_8h.html" title="dfsch/parse.h" alt="" coords="528,84,635,111">
<area shape="rect" href="$introspect_8h.html" title="dfsch/introspect.h" alt="" coords="664,161,800,188">
<area shape="rect" href="$dfsch_8h.html" title="dfsch/dfsch.h" alt="" coords="580,239,684,265">
<area shape="rect" href="$defines_8h.html" title="dfsch/defines.h" alt="" coords="245,316,363,343">
<area shape="rect" href="$dfsch_2types_8h.html" title="dfsch/types.h" alt="" coords="888,316,995,343">
<area shape="rect" href="$writer_8h.html" title="dfsch/writer.h" alt="" coords="669,316,773,343">
<area shape="rect" href="$dfsch_2util_8h.html" title="dfsch/util.h" alt="" coords="197,239,288,265">
<area shape="rect" href="$ports_8h.html" title="dfsch/ports.h" alt="" coords="485,161,589,188">
