<area shape="rect" href="$dfsch_8h.html" title="dfsch/dfsch.h" alt="" coords="1708,84,1812,111">
<area shape="rect" href="$bignum_8c.html" title="src/bignum.c" alt="" coords="245,316,349,343">
<area shape="rect" href="$number_8c.html" title="src/number.c" alt="" coords="373,316,477,343">
<area shape="rect" href="$dfsch_8c.html" title="src/dfsch.c" alt="" coords="568,393,656,420">
<area shape="rect" href="$load_8c.html" title="src/load.c" alt="" coords="1161,393,1244,420">
<area shape="rect" href="$parse_8c.html" title="src/parse.c" alt="" coords="1005,393,1096,420">
<area shape="rect" href="$ports_8c.html" title="src/ports.c" alt="" coords="1460,393,1548,420">
<area shape="rect" href="$repl_8c.html" title="src/repl.c" alt="" coords="3157,393,3237,420">
<area shape="rect" href="$xml_8c.html" title="lib/xml.c" alt="" coords="1501,316,1573,343">
<area shape="rect" href="$native_8c.html" title="src/native.c" alt="" coords="2584,239,2677,265">
<area shape="rect" href="$object_8c.html" title="src/object.c" alt="" coords="541,239,635,265">
<area shape="rect" href="$strings_8c.html" title="src/strings.c" alt="" coords="2701,239,2800,265">
<area shape="rect" href="$control_8c.html" title="src/control.c" alt="" coords="2788,316,2887,343">
<area shape="rect" href="$unix_8c.html" title="lib/unix.c" alt="" coords="2896,239,2971,265">
<area shape="rect" href="$extref_8c.html" title="lib/extref.c" alt="" coords="3649,239,3737,265">
<area shape="rect" href="$extref__mod_8c.html" title="lib/extref_mod.c" alt="" coords="3781,239,3904,265">
<area shape="rect" href="$gcollect_8c.html" title="lib/gcollect.c" alt="" coords="3164,239,3263,265">
<area shape="rect" href="$threads_8c.html" title="lib/threads.c" alt="" coords="3968,239,4067,265">
<area shape="rect" href="$threads__mod_8c.html" title="lib/threads_mod.c" alt="" coords="4091,239,4227,265">
<area shape="rect" href="$system_8c.html" title="src/system.c" alt="" coords="3760,161,3861,188">
<area shape="rect" href="$weak_8c.html" title="src/weak.c" alt="" coords="4301,84,4389,111">
<area shape="rect" href="$bignum_8h.html" title="dfsch/bignum.h" alt="" coords="347,239,467,265">
<area shape="rect" href="$writer_8h.html" title="dfsch/writer.h" alt="" coords="1072,161,1176,188">
<area shape="rect" href="$strings_8h.html" title="dfsch/strings.h" alt="" coords="781,161,896,188">
<area shape="rect" href="$ports_8h.html" title="dfsch/ports.h" alt="" coords="1251,239,1355,265">
<area shape="rect" href="$parse_8h.html" title="dfsch/parse.h" alt="" coords="1149,316,1256,343">
<area shape="rect" href="$console_8h.html" title="dfsch/lib/console.h" alt="" coords="769,393,908,420">
<area shape="rect" href="$dfsch_2lib_2process_8h.html" title="dfsch/lib/process.h" alt="" coords="835,316,973,343">
<area shape="rect" href="$inet_8h.html" title="dfsch/lib/inet.h" alt="" coords="760,239,872,265">
<area shape="rect" href="$conditions_8h.html" title="dfsch/conditions.h" alt="" coords="2373,161,2509,188">
<area shape="rect" href="$magic_8h.html" title="dfsch/magic.h" alt="" coords="2108,239,2217,265">
<area shape="rect" href="$eqhash_8h.html" title="dfsch/eqhash.h" alt="" coords="1200,161,1317,188">
<area shape="rect" href="$format_8h.html" title="dfsch/format.h" alt="" coords="1341,161,1456,188">
<area shape="rect" href="$hash_8h.html" title="dfsch/hash.h" alt="" coords="453,161,555,188">
<area shape="rect" href="$introspect_8h.html" title="dfsch/introspect.h" alt="" coords="675,316,811,343">
<area shape="rect" href="$cdebug_8h.html" title="dfsch/lib/cdebug.h" alt="" coords="3232,316,3368,343">
<area shape="rect" href="$cmdopts_8h.html" title="dfsch/lib/cmdopts.h" alt="" coords="3392,316,3536,343">
<area shape="rect" href="$collections_8h.html" title="dfsch/lib/collections.h" alt="" coords="1480,161,1635,188">
<area shape="rect" href="$extref_8h.html" title="dfsch/lib/extref.h" alt="" coords="3611,161,3736,188">
<area shape="rect" href="$gcollect_8h.html" title="dfsch/lib/gcollect.h" alt="" coords="3144,161,3283,188">
<area shape="rect" href="$lib_2random_8h.html" title="dfsch/lib/random.h" alt="" coords="1843,161,1981,188">
<area shape="rect" href="$regex_8h.html" title="dfsch/lib/regex.h" alt="" coords="2005,161,2131,188">
<area shape="rect" href="$sxml_8h.html" title="dfsch/lib/sxml.h" alt="" coords="2179,161,2299,188">
<area shape="rect" href="$threads_8h.html" title="dfsch/lib/threads.h" alt="" coords="3987,161,4125,188">
<area shape="rect" href="$unix_8h.html" title="dfsch/lib/unix.h" alt="" coords="2781,161,2896,188">
<area shape="rect" href="$xml_8h.html" title="dfsch/lib/xml.h" alt="" coords="1664,239,1776,265">
<area shape="rect" href="$load_8h.html" title="dfsch/load.h" alt="" coords="3021,161,3120,188">
<area shape="rect" href="$object_8h.html" title="dfsch/object.h" alt="" coords="1659,161,1768,188">
<area shape="rect" href="$promise_8h.html" title="dfsch/promise.h" alt="" coords="2635,161,2757,188">
