<area shape="rect" href="$parse_8h.html" title="../dfsch/parse.h" alt="" coords="455,84,575,111">
<area shape="rect" href="$number_8h.html" title="dfsch/number.h" alt="" coords="5,316,125,343">
<area shape="rect" href="$strings_8h.html" title="dfsch/strings.h" alt="" coords="643,316,757,343">
<area shape="rect" href="$magic_8h.html" title="dfsch/magic.h" alt="" coords="661,84,771,111">
<area shape="rect" href="$src_2util_8h.html" title="util.h" alt="" coords="903,84,953,111">
<area shape="rect" href="$dfsch_8h.html" title="dfsch/dfsch.h" alt="" coords="355,239,459,265">
<area shape="rect" href="$ports_8h.html" title="dfsch/ports.h" alt="" coords="463,161,567,188">
<area shape="rect" href="$defines_8h.html" title="dfsch/defines.h" alt="" coords="781,316,899,343">
<area shape="rect" href="$dfsch_2types_8h.html" title="dfsch/types.h" alt="" coords="149,316,256,343">
<area shape="rect" href="$writer_8h.html" title="dfsch/writer.h" alt="" coords="371,316,475,343">
<area shape="rect" href="$conditions_8h.html" title="dfsch/conditions.h" alt="" coords="591,161,727,188">
<area shape="rect" href="$dfsch_2util_8h.html" title="dfsch/util.h" alt="" coords="883,239,973,265">
