<area shape="rect" href="$ports_8h.html" title="dfsch/ports.h" alt="" coords="665,161,769,188">
<area shape="rect" href="$number_8h.html" title="dfsch/number.h" alt="" coords="5,316,125,343">
<area shape="rect" href="$strings_8h.html" title="dfsch/strings.h" alt="" coords="549,316,664,343">
<area shape="rect" href="$object_8h.html" title="dfsch/object.h" alt="" coords="119,161,228,188">
<area shape="rect" href="$magic_8h.html" title="dfsch/magic.h" alt="" coords="412,84,521,111">
<area shape="rect" href="$parse_8h.html" title="dfsch/parse.h" alt="" coords="573,84,680,111">
<area shape="rect" href="$internal_8h.html" title="internal.h" alt="" coords="253,84,333,111">
<area shape="rect" href="$src_2util_8h.html" title="util.h" alt="" coords="925,161,976,188">
<area shape="rect" href="$dfsch_8h.html" title="dfsch/dfsch.h" alt="" coords="371,239,475,265">
<area shape="rect" href="$defines_8h.html" title="dfsch/defines.h" alt="" coords="688,316,805,343">
<area shape="rect" href="$dfsch_2types_8h.html" title="dfsch/types.h" alt="" coords="149,316,256,343">
<area shape="rect" href="$writer_8h.html" title="dfsch/writer.h" alt="" coords="371,316,475,343">
<area shape="rect" href="$conditions_8h.html" title="dfsch/conditions.h" alt="" coords="505,161,641,188">
<area shape="rect" href="$dfsch_2util_8h.html" title="dfsch/util.h" alt="" coords="915,239,1005,265">
