<area shape="rect" href="$dfsch_8h.html" title="dfsch/dfsch.h" alt="" coords="367,239,471,265">
<area shape="rect" href="$number_8h.html" title="dfsch/number.h" alt="" coords="779,316,899,343">
<area shape="rect" href="$parse_8h.html" title="dfsch/parse.h" alt="" coords="113,84,220,111">
<area shape="rect" href="$ports_8h.html" title="dfsch/ports.h" alt="" coords="39,161,143,188">
<area shape="rect" href="$load_8h.html" title="dfsch/load.h" alt="" coords="268,161,367,188">
<area shape="rect" href="$magic_8h.html" title="dfsch/magic.h" alt="" coords="409,84,519,111">
<area shape="rect" href="$cdebug_8h.html" title="dfsch/lib/cdebug.h" alt="" coords="593,161,729,188">
<area shape="rect" href="$cmdopts_8h.html" title="dfsch/lib/cmdopts.h" alt="" coords="913,161,1057,188">
<area shape="rect" href="$defines_8h.html" title="dfsch/defines.h" alt="" coords="637,316,755,343">
<area shape="rect" href="$dfsch_2types_8h.html" title="dfsch/types.h" alt="" coords="365,316,472,343">
<area shape="rect" href="$writer_8h.html" title="dfsch/writer.h" alt="" coords="237,316,341,343">
<area shape="rect" href="$strings_8h.html" title="dfsch/strings.h" alt="" coords="99,316,213,343">
<area shape="rect" href="$conditions_8h.html" title="dfsch/conditions.h" alt="" coords="753,161,889,188">
