<area shape="rect" href="$threads_8c.html" title="lib/threads.c" alt="" coords="5,84,104,111">
<area shape="rect" href="$threads__mod_8c.html" title="lib/threads_mod.c" alt="" coords="128,84,264,111">
<area shape="rect" href="$unix_8c.html" title="lib/unix.c" alt="" coords="288,84,363,111">
<area shape="rect" href="$bignum_8c.html" title="src/bignum.c" alt="" coords="387,84,491,111">
<area shape="rect" href="$conditions_8c.html" title="src/conditions.c" alt="" coords="515,84,635,111">
<area shape="rect" href="$control_8c.html" title="src/control.c" alt="" coords="659,84,757,111">
<area shape="rect" href="$dfsch_8c.html" title="src/dfsch.c" alt="" coords="781,84,869,111">
<area shape="rect" href="$format_8c.html" title="src/format.c" alt="" coords="893,84,992,111">
<area shape="rect" href="$hash_8c.html" title="src/hash.c" alt="" coords="1016,84,1101,111">
<area shape="rect" href="$introspect_8c.html" title="src/introspect.c" alt="" coords="1125,84,1245,111">
<area shape="rect" href="$load_8c.html" title="src/load.c" alt="" coords="1269,84,1352,111">
<area shape="rect" href="$native_8c.html" title="src/native.c" alt="" coords="1376,84,1469,111">
<area shape="rect" href="$number_8c.html" title="src/number.c" alt="" coords="1493,84,1597,111">
<area shape="rect" href="$object_8c.html" title="src/object.c" alt="" coords="1621,84,1715,111">
<area shape="rect" href="$parse_8c.html" title="src/parse.c" alt="" coords="1739,84,1829,111">
<area shape="rect" href="$ports_8c.html" title="src/ports.c" alt="" coords="1853,84,1941,111">
<area shape="rect" href="$promise_8c.html" title="src/promise.c" alt="" coords="1965,84,2072,111">
<area shape="rect" href="$strings_8c.html" title="src/strings.c" alt="" coords="2096,84,2195,111">
<area shape="rect" href="$system_8c.html" title="src/system.c" alt="" coords="2219,84,2320,111">
<area shape="rect" href="$util_8c.html" title="src/util.c" alt="" coords="2344,84,2419,111">
<area shape="rect" href="$weak_8c.html" title="src/weak.c" alt="" coords="2443,84,2531,111">
<area shape="rect" href="$wrapper_8c.html" title="src/wrapper.c" alt="" coords="2555,84,2659,111">
<area shape="rect" href="$writer_8c.html" title="src/writer.c" alt="" coords="2683,84,2771,111">
