<area shape="rect" href="$dfsch_8h.html" title="dfsch/dfsch.h" alt="" coords="2640,88,2744,115">
<area shape="rect" href="$bignum_8h.html" title="dfsch/bignum.h" alt="" coords="99,165,219,192">
<area shape="rect" href="$number_8c.html" title="src/number.c" alt="" coords="36,243,140,269">
<area shape="rect" href="$dfsch_8c.html" title="src/dfsch.c" alt="" coords="2048,320,2136,347">
<area shape="rect" href="$load_8c.html" title="src/load.c" alt="" coords="515,320,597,347">
<area shape="rect" href="$native_8c.html" title="src/native.c" alt="" coords="425,243,519,269">
<area shape="rect" href="$object_8c.html" title="src/object.c" alt="" coords="1923,243,2016,269">
<area shape="rect" href="$parse_8c.html" title="src/parse.c" alt="" coords="2395,320,2485,347">
<area shape="rect" href="$ports_8c.html" title="src/ports.c" alt="" coords="2235,320,2323,347">
<area shape="rect" href="$strings_8c.html" title="src/strings.c" alt="" coords="745,243,844,269">
<area shape="rect" href="$format_8c.html" title="src/format.c" alt="" coords="4683,243,4781,269">
<area shape="rect" href="$inet_8c.html" title="lib/inet.c" alt="" coords="4312,243,4387,269">
<area shape="rect" href="$inet__mod_8c.html" title="lib/inet_mod.c" alt="" coords="4411,243,4520,269">
<area shape="rect" href="$console__mod_8c.html" title="lib/console_mod.c" alt="" coords="4489,397,4625,424">
<area shape="rect" href="$ports_8h.html" title="dfsch/ports.h" alt="" coords="3832,165,3936,192">
<area shape="rect" href="$inet_8h.html" title="dfsch/lib/inet.h" alt="" coords="4408,165,4520,192">
<area shape="rect" href="$wrapper_8c.html" title="src/wrapper.c" alt="" coords="4127,243,4231,269">
<area shape="rect" href="$dfsch_2util_8h.html" title="dfsch/util.h" alt="" coords="4885,88,4976,115">
<area shape="rect" href="$number_8h.html" title="dfsch/number.h" alt="" coords="592,165,712,192">
<area shape="rect" href="$writer_8h.html" title="dfsch/writer.h" alt="" coords="3493,165,3597,192">
<area shape="rect" href="$conditions_8h.html" title="dfsch/conditions.h" alt="" coords="2307,165,2443,192">
<area shape="rect" href="$magic_8h.html" title="dfsch/magic.h" alt="" coords="2320,243,2429,269">
<area shape="rect" href="$cdebug_8c.html" title="lib/cdebug.c" alt="" coords="3741,397,3837,424">
<area shape="rect" href="$eqhash_8h.html" title="dfsch/eqhash.h" alt="" coords="1061,165,1179,192">
<area shape="rect" href="$format_8h.html" title="dfsch/format.h" alt="" coords="4645,165,4760,192">
<area shape="rect" href="$hash_8h.html" title="dfsch/hash.h" alt="" coords="2181,165,2283,192">
<area shape="rect" href="$weak_8h.html" title="dfsch/weak.h" alt="" coords="2040,243,2144,269">
<area shape="rect" href="$introspect_8h.html" title="dfsch/introspect.h" alt="" coords="164,243,300,269">
<area shape="rect" href="$cdebug_8h.html" title="dfsch/lib/cdebug.h" alt="" coords="3672,165,3808,192">
<area shape="rect" href="$cdebug__mod_8c.html" title="lib/cdebug_mod.c" alt="" coords="3568,243,3701,269">
<area shape="rect" href="$cmdopts_8h.html" title="dfsch/lib/cmdopts.h" alt="" coords="1203,165,1347,192">
<area shape="rect" href="$collections_8h.html" title="dfsch/lib/collections.h" alt="" coords="1371,165,1525,192">
<area shape="rect" href="$console_8h.html" title="dfsch/lib/console.h" alt="" coords="4061,320,4200,347">
<area shape="rect" href="$parse_8h.html" title="dfsch/parse.h" alt="" coords="2453,243,2560,269">
<area shape="rect" href="$dfsch_2lib_2process_8h.html" title="dfsch/lib/process.h" alt="" coords="3837,243,3976,269">
<area shape="rect" href="$extref_8h.html" title="dfsch/lib/extref.h" alt="" coords="1549,165,1675,192">
<area shape="rect" href="$gcollect_8h.html" title="dfsch/lib/gcollect.h" alt="" coords="1699,165,1837,192">
<area shape="rect" href="$lib_2random_8h.html" title="dfsch/lib/random.h" alt="" coords="2467,165,2605,192">
<area shape="rect" href="$regex_8h.html" title="dfsch/lib/regex.h" alt="" coords="2629,165,2755,192">
<area shape="rect" href="$sxml_8h.html" title="dfsch/lib/sxml.h" alt="" coords="2803,165,2923,192">
<area shape="rect" href="$threads_8h.html" title="dfsch/lib/threads.h" alt="" coords="2947,165,3085,192">
<area shape="rect" href="$unix_8h.html" title="dfsch/lib/unix.h" alt="" coords="3211,165,3325,192">
<area shape="rect" href="$xml_8h.html" title="dfsch/lib/xml.h" alt="" coords="1912,165,2024,192">
<area shape="rect" href="$xml__mod_8c.html" title="lib/xml_mod.c" alt="" coords="1789,243,1899,269">
<area shape="rect" href="$load_8h.html" title="dfsch/load.h" alt="" coords="837,165,936,192">
<area shape="rect" href="$object_8h.html" title="dfsch/object.h" alt="" coords="2048,165,2157,192">
<area shape="rect" href="$promise_8h.html" title="dfsch/promise.h" alt="" coords="445,165,568,192">
<area shape="rect" href="$random_8h.html" title="dfsch/random.h" alt="" coords="3349,165,3469,192">
<area shape="rect" href="$wrapper_8h.html" title="dfsch/wrapper.h" alt="" coords="4112,165,4232,192">
