<area shape="rect" href="$strings_8h.html" title="dfsch/strings.h" alt="" coords="392,239,507,265">
<area shape="rect" href="$number_8h.html" title="dfsch/number.h" alt="" coords="741,393,861,420">
<area shape="rect" href="$src_2types_8h.html" title="types.h" alt="" coords="640,84,707,111">
<area shape="rect" href="$udata_8h.html" title="udata.h" alt="" coords="5,316,75,343">
<area shape="rect" href="$src_2util_8h.html" title="util.h" alt="" coords="333,84,384,111">
<area shape="rect" href="$dfsch_8h.html" title="dfsch/dfsch.h" alt="" coords="483,316,587,343">
<area shape="rect" href="$defines_8h.html" title="dfsch/defines.h" alt="" coords="200,393,317,420">
<area shape="rect" href="$dfsch_2types_8h.html" title="dfsch/types.h" alt="" coords="611,393,717,420">
<area shape="rect" href="$writer_8h.html" title="dfsch/writer.h" alt="" coords="483,393,587,420">
<area shape="rect" href="$magic_8h.html" title="dfsch/magic.h" alt="" coords="619,161,728,188">
<area shape="rect" href="$eqhash_8h.html" title="dfsch/eqhash.h" alt="" coords="752,161,869,188">
<area shape="rect" href="$conditions_8h.html" title="dfsch/conditions.h" alt="" coords="531,239,667,265">
<area shape="rect" href="$dfsch_2util_8h.html" title="dfsch/util.h" alt="" coords="219,161,309,188">
