<area shape="rect" href="$sxml_8h.html" title="dfsch/lib/sxml.h" alt="" coords="565,161,685,188">
<area shape="rect" href="$xml_8h.html" title="dfsch/lib/xml.h" alt="" coords="473,84,585,111">
<area shape="rect" href="$dfsch_2util_8h.html" title="dfsch/util.h" alt="" coords="120,239,211,265">
<area shape="rect" href="$ports_8h.html" title="dfsch/ports.h" alt="" coords="293,161,397,188">
<area shape="rect" href="$magic_8h.html" title="dfsch/magic.h" alt="" coords="660,84,769,111">
<area shape="rect" href="$dfsch_8h.html" title="dfsch/dfsch.h" alt="" coords="615,239,719,265">
<area shape="rect" href="$defines_8h.html" title="dfsch/defines.h" alt="" coords="339,316,456,343">
<area shape="rect" href="$number_8h.html" title="dfsch/number.h" alt="" coords="760,316,880,343">
<area shape="rect" href="$dfsch_2types_8h.html" title="dfsch/types.h" alt="" coords="1032,316,1139,343">
<area shape="rect" href="$writer_8h.html" title="dfsch/writer.h" alt="" coords="904,316,1008,343">
<area shape="rect" href="$strings_8h.html" title="dfsch/strings.h" alt="" coords="480,316,595,343">
<area shape="rect" href="$conditions_8h.html" title="dfsch/conditions.h" alt="" coords="709,161,845,188">
