<area shape="rect" href="$unix_8h.html" title="dfsch/lib/unix.h" alt="" coords="543,84,657,111">
<area shape="rect" href="$number_8h.html" title="dfsch/number.h" alt="" coords="1019,239,1139,265">
<area shape="rect" href="$load_8h.html" title="dfsch/load.h" alt="" coords="681,84,780,111">
<area shape="rect" href="$conditions_8h.html" title="dfsch/conditions.h" alt="" coords="284,84,420,111">
<area shape="rect" href="$src_2util_8h.html" title="src/util.h" alt="" coords="444,84,519,111">
<area shape="rect" href="$dfsch_8h.html" title="dfsch/dfsch.h" alt="" coords="580,161,684,188">
<area shape="rect" href="$defines_8h.html" title="dfsch/defines.h" alt="" coords="339,239,456,265">
<area shape="rect" href="$dfsch_2types_8h.html" title="dfsch/types.h" alt="" coords="797,239,904,265">
<area shape="rect" href="$writer_8h.html" title="dfsch/writer.h" alt="" coords="669,239,773,265">
<area shape="rect" href="$strings_8h.html" title="dfsch/strings.h" alt="" coords="480,239,595,265">
<area shape="rect" href="$dfsch_2util_8h.html" title="dfsch/util.h" alt="" coords="235,161,325,188">
