<area shape="rect" href="$weak_8h.html" title="dfsch/weak.h" alt="" coords="371,84,475,111">
<area shape="rect" href="$number_8h.html" title="dfsch/number.h" alt="" coords="96,316,216,343">
<area shape="rect" href="$internal_8h.html" title="internal.h" alt="" coords="497,161,577,188">
<area shape="rect" href="$src_2util_8h.html" title="util.h" alt="" coords="623,84,673,111">
<area shape="rect" href="$dfsch_8h.html" title="dfsch/dfsch.h" alt="" coords="371,239,475,265">
<area shape="rect" href="$hash_8h.html" title="dfsch/hash.h" alt="" coords="372,161,473,188">
<area shape="rect" href="$defines_8h.html" title="dfsch/defines.h" alt="" coords="781,316,899,343">
<area shape="rect" href="$dfsch_2types_8h.html" title="dfsch/types.h" alt="" coords="240,316,347,343">
<area shape="rect" href="$writer_8h.html" title="dfsch/writer.h" alt="" coords="371,316,475,343">
<area shape="rect" href="$strings_8h.html" title="dfsch/strings.h" alt="" coords="549,316,664,343">
<area shape="rect" href="$dfsch_2util_8h.html" title="dfsch/util.h" alt="" coords="795,239,885,265">
