<area shape="rect" href="$dfsch_8h.html" title="dfsch/dfsch.h" alt="" coords="2205,84,2309,111">
<area shape="rect" href="$writer_8c.html" title="src/writer.c" alt="" coords="2333,84,2421,111">
<area shape="rect" href="$bignum_8h.html" title="dfsch/bignum.h" alt="" coords="741,239,861,265">
<area shape="rect" href="$bignum_8c.html" title="src/bignum.c" alt="" coords="651,316,755,343">
<area shape="rect" href="$number_8h.html" title="dfsch/number.h" alt="" coords="1896,161,2016,188">
<area shape="rect" href="$dfsch_8c.html" title="src/dfsch.c" alt="" coords="717,393,805,420">
<area shape="rect" href="$repl_8c.html" title="src/repl.c" alt="" coords="2141,393,2221,420">
<area shape="rect" href="$system_8c.html" title="src/system.c" alt="" coords="1613,239,1715,265">
<area shape="rect" href="$strings_8h.html" title="dfsch/strings.h" alt="" coords="989,161,1104,188">
<area shape="rect" href="$ports_8h.html" title="dfsch/ports.h" alt="" coords="1485,239,1589,265">
<area shape="rect" href="$parse_8h.html" title="dfsch/parse.h" alt="" coords="2053,316,2160,343">
<area shape="rect" href="$console_8h.html" title="dfsch/lib/console.h" alt="" coords="2453,393,2592,420">
<area shape="rect" href="$cdebug_8c.html" title="lib/cdebug.c" alt="" coords="1407,471,1503,497">
<area shape="rect" href="$console__mod_8c.html" title="lib/console_mod.c" alt="" coords="2455,471,2591,497">
<area shape="rect" href="$dfsch_2lib_2process_8h.html" title="dfsch/lib/process.h" alt="" coords="1655,316,1793,343">
<area shape="rect" href="$inet_8h.html" title="dfsch/lib/inet.h" alt="" coords="1037,239,1149,265">
<area shape="rect" href="$conditions_8h.html" title="dfsch/conditions.h" alt="" coords="1173,239,1309,265">
<area shape="rect" href="$magic_8h.html" title="dfsch/magic.h" alt="" coords="1308,316,1417,343">
<area shape="rect" href="$debug_8c.html" title="src/debug.c" alt="" coords="1188,316,1284,343">
<area shape="rect" href="$eqhash_8h.html" title="dfsch/eqhash.h" alt="" coords="3129,161,3247,188">
<area shape="rect" href="$format_8h.html" title="dfsch/format.h" alt="" coords="3271,161,3385,188">
<area shape="rect" href="$hash_8h.html" title="dfsch/hash.h" alt="" coords="219,161,320,188">
<area shape="rect" href="$weak_8h.html" title="dfsch/weak.h" alt="" coords="267,239,371,265">
<area shape="rect" href="$introspect_8h.html" title="dfsch/introspect.h" alt="" coords="5,316,141,343">
<area shape="rect" href="$cdebug_8h.html" title="dfsch/lib/cdebug.h" alt="" coords="2295,161,2431,188">
<area shape="rect" href="$cdebug__mod_8c.html" title="lib/cdebug_mod.c" alt="" coords="2453,239,2587,265">
<area shape="rect" href="$cmdopts_8h.html" title="dfsch/lib/cmdopts.h" alt="" coords="2184,316,2328,343">
<area shape="rect" href="$collections_8h.html" title="dfsch/lib/collections.h" alt="" coords="3409,161,3564,188">
<area shape="rect" href="$extref_8h.html" title="dfsch/lib/extref.h" alt="" coords="2044,161,2169,188">
<area shape="rect" href="$gcollect_8h.html" title="dfsch/lib/gcollect.h" alt="" coords="2607,161,2745,188">
<area shape="rect" href="$lib_2random_8h.html" title="dfsch/lib/random.h" alt="" coords="3588,161,3727,188">
<area shape="rect" href="$regex_8h.html" title="dfsch/lib/regex.h" alt="" coords="3751,161,3876,188">
<area shape="rect" href="$sxml_8h.html" title="dfsch/lib/sxml.h" alt="" coords="3924,161,4044,188">
<area shape="rect" href="$threads_8h.html" title="dfsch/lib/threads.h" alt="" coords="4068,161,4207,188">
<area shape="rect" href="$unix_8h.html" title="dfsch/lib/unix.h" alt="" coords="4231,161,4345,188">
<area shape="rect" href="$xml_8h.html" title="dfsch/lib/xml.h" alt="" coords="2943,161,3055,188">
<area shape="rect" href="$xml__mod_8c.html" title="lib/xml_mod.c" alt="" coords="2944,239,3053,265">
<area shape="rect" href="$load_8h.html" title="dfsch/load.h" alt="" coords="2769,161,2868,188">
<area shape="rect" href="$object_8h.html" title="dfsch/object.h" alt="" coords="4369,161,4479,188">
<area shape="rect" href="$promise_8h.html" title="dfsch/promise.h" alt="" coords="4503,161,4625,188">
<area shape="rect" href="$random_8h.html" title="dfsch/random.h" alt="" coords="4649,161,4769,188">
<area shape="rect" href="$wrapper_8h.html" title="dfsch/wrapper.h" alt="" coords="4793,161,4913,188">
<area shape="rect" href="$internal_8h.html" title="src/internal.h" alt="" coords="627,161,731,188">
<area shape="rect" href="$native__cxr_8c.html" title="src/native_cxr.c" alt="" coords="445,239,565,265">
<area shape="rect" href="$util_8c.html" title="src/util.c" alt="" coords="4937,161,5012,188">
<area shape="rect" href="$number_8c.html" title="src/number.c" alt="" coords="799,316,903,343">
<area shape="rect" href="$extref_8c.html" title="lib/extref.c" alt="" coords="2139,239,2227,265">
<area shape="rect" href="$extref__mod_8c.html" title="lib/extref_mod.c" alt="" coords="1992,239,2115,265">
<area shape="rect" href="$gcollect_8c.html" title="lib/gcollect.c" alt="" coords="2712,239,2811,265">
